03/02/2025 20:00:21: 🚀 Serviço iniciando...
03/02/2025 20:00:21: 📡 WebSocket iniciado.
03/02/2025 20:00:21: ⚡ Monitoramento de eventos iniciado.
03/02/2025 20:01:05: 🚀 Serviço iniciando...
03/02/2025 20:01:05: 📡 WebSocket iniciado.
03/02/2025 20:01:05: ⚡ Monitoramento de eventos iniciado.
03/02/2025 20:03:37: 🚀 Serviço iniciado...
03/02/2025 20:03:37: 📡 Iniciando WebSocket...
03/02/2025 20:03:37: 📡 WebSocket iniciado.
03/02/2025 20:03:37: ⚡ Iniciando monitoramento de eventos de energia...
03/02/2025 20:03:37: ⚡ Monitoramento de eventos iniciado.
03/02/2025 20:03:40: [Erro] Falha ao iniciar o serviço: A task was canceled.
03/02/2025 20:04:03: 🚀 Serviço iniciado...
03/02/2025 20:04:03: 📡 Iniciando WebSocket...
03/02/2025 20:04:03: 📡 WebSocket iniciado.
03/02/2025 20:04:03: ⚡ Iniciando monitoramento de eventos de energia...
03/02/2025 20:04:03: ⚡ Monitoramento de eventos iniciado.
04/02/2025 04:56:05: [Erro] Falha ao iniciar o serviço: A task was canceled.
04/02/2025 07:10:24: 🚀 Serviço iniciado...
04/02/2025 07:10:24: 📡 Iniciando WebSocket...
04/02/2025 07:10:24: 📡 WebSocket iniciado.
04/02/2025 07:10:24: ⚡ Iniciando monitoramento de eventos de energia...
04/02/2025 07:10:24: ⚡ Monitoramento de eventos iniciado.
04/02/2025 07:10:26: [Erro] Falha ao iniciar o serviço: A task was canceled.
05/02/2025 11:06:28: 🚀 Serviço iniciado...
05/02/2025 11:06:28: 📡 Iniciando WebSocket...
05/02/2025 11:06:28: 📡 WebSocket iniciado.
05/02/2025 11:06:28: ⚡ Iniciando monitoramento de eventos de energia...
05/02/2025 11:06:28: ⚡ Monitoramento de eventos iniciado.
05/02/2025 11:09:51: ✅ Vanusa connected!
05/02/2025 11:10:01: ❌ Vanusa disconnected!
05/02/2025 11:10:08: ✅ Vanusa connected!
05/02/2025 11:10:17: ❌ Vanusa disconnected!
05/02/2025 11:20:28: 💤 O sistema está entrando em suspensão...
05/02/2025 11:54:31: 🔋 O sistema retornou da suspensão.
05/02/2025 11:56:38: ✅ Vanusa connected!
05/02/2025 12:43:52: 💤 O sistema está entrando em suspensão...
05/02/2025 15:18:50: 🔋 O sistema retornou da suspensão.
05/02/2025 16:12:49: ✅ Vanusa connected!
05/02/2025 17:17:59: ❌ Vanusa disconnected!
05/02/2025 17:50:08: ✅ Vanusa connected!
05/02/2025 17:50:21: 💤 O sistema está entrando em suspensão...
05/02/2025 17:50:23: ❌ Vanusa disconnected!
06/02/2025 09:27:33: 🚀 Serviço iniciado...
06/02/2025 09:27:33: 📡 Iniciando WebSocket...
06/02/2025 09:27:33: 📡 WebSocket iniciado.
06/02/2025 09:27:33: ⚡ Iniciando monitoramento de eventos de energia...
06/02/2025 09:27:33: ⚡ Monitoramento de eventos iniciado.
06/02/2025 11:31:17: 💤 O sistema está entrando em suspensão...
06/02/2025 15:45:18: 🔋 O sistema retornou da suspensão.
06/02/2025 16:30:02: 💤 O sistema está entrando em suspensão...
06/02/2025 16:44:20: 🔋 O sistema retornou da suspensão.
06/02/2025 17:56:37: [Erro] Falha ao iniciar o serviço: A task was canceled.
06/02/2025 17:56:37: [Erro] Falha ao encerrar serviços: O servidor RPC não está disponível. (0x800706BA)
06/02/2025 17:57:11: 🚀 Serviço iniciado...
06/02/2025 17:57:11: 📡 Iniciando WebSocket...
06/02/2025 17:57:11: 📡 WebSocket iniciado.
06/02/2025 17:57:11: ⚡ Iniciando monitoramento de eventos de energia...
06/02/2025 17:57:12: ⚡ Monitoramento de eventos iniciado.
06/02/2025 18:29:16: [Erro] Falha ao iniciar o serviço: A task was canceled.
