You have triggered an unhandledRejection, you may have forgotten to catch a Promise rejection:
Error: Cannot find module 'C:\Users\whisk\Documents\Projetos\VANUSAR\dist\workers\workers-handler' imported from C:\Users\whisk\Documents\Projetos\VANUSAR\dist\index.js
    at finalizeResolution (node:internal/modules/esm/resolve:265:11)
    at moduleResolve (node:internal/modules/esm/resolve:933:10)
    at defaultResolve (node:internal/modules/esm/resolve:1169:11)
    at ModuleLoader.defaultResolve (node:internal/modules/esm/loader:542:12)
    at ModuleLoader.resolve (node:internal/modules/esm/loader:510:25)
    at ModuleLoader.getModuleJob (node:internal/modules/esm/loader:239:38)
    at ModuleWrap.<anonymous> (node:internal/modules/esm/module_job:96:40)
    at link (node:internal/modules/esm/module_job:95:36)
You have triggered an unhandledRejection, you may have forgotten to catch a Promise rejection:
Error: Cannot find module 'C:\Users\whisk\Documents\Projetos\VANUSAR\dist\workers\workers-handler' imported from C:\Users\whisk\Documents\Projetos\VANUSAR\dist\index.js
    at finalizeResolution (node:internal/modules/esm/resolve:265:11)
    at moduleResolve (node:internal/modules/esm/resolve:933:10)
    at defaultResolve (node:internal/modules/esm/resolve:1169:11)
    at ModuleLoader.defaultResolve (node:internal/modules/esm/loader:542:12)
    at ModuleLoader.resolve (node:internal/modules/esm/loader:510:25)
    at ModuleLoader.getModuleJob (node:internal/modules/esm/loader:239:38)
    at ModuleWrap.<anonymous> (node:internal/modules/esm/module_job:96:40)
    at link (node:internal/modules/esm/module_job:95:36)
You have triggered an unhandledRejection, you may have forgotten to catch a Promise rejection:
Error: Cannot find module 'C:\Users\whisk\Documents\Projetos\VANUSAR\dist\workers\workers-handler' imported from C:\Users\whisk\Documents\Projetos\VANUSAR\dist\index.js
    at finalizeResolution (node:internal/modules/esm/resolve:265:11)
    at moduleResolve (node:internal/modules/esm/resolve:933:10)
    at defaultResolve (node:internal/modules/esm/resolve:1169:11)
    at ModuleLoader.defaultResolve (node:internal/modules/esm/loader:542:12)
    at ModuleLoader.resolve (node:internal/modules/esm/loader:510:25)
    at ModuleLoader.getModuleJob (node:internal/modules/esm/loader:239:38)
    at ModuleWrap.<anonymous> (node:internal/modules/esm/module_job:96:40)
    at link (node:internal/modules/esm/module_job:95:36)
You have triggered an unhandledRejection, you may have forgotten to catch a Promise rejection:
Error: Cannot find module 'C:\Users\whisk\Documents\Projetos\VANUSAR\dist\workers\workers-handler' imported from C:\Users\whisk\Documents\Projetos\VANUSAR\dist\index.js
    at finalizeResolution (node:internal/modules/esm/resolve:265:11)
    at moduleResolve (node:internal/modules/esm/resolve:933:10)
    at defaultResolve (node:internal/modules/esm/resolve:1169:11)
    at ModuleLoader.defaultResolve (node:internal/modules/esm/loader:542:12)
    at ModuleLoader.resolve (node:internal/modules/esm/loader:510:25)
    at ModuleLoader.getModuleJob (node:internal/modules/esm/loader:239:38)
    at ModuleWrap.<anonymous> (node:internal/modules/esm/module_job:96:40)
    at link (node:internal/modules/esm/module_job:95:36)
You have triggered an unhandledRejection, you may have forgotten to catch a Promise rejection:
Error: Cannot find module 'C:\Users\whisk\Documents\Projetos\VANUSAR\dist\workers\workers-handler' imported from C:\Users\whisk\Documents\Projetos\VANUSAR\dist\index.js
    at finalizeResolution (node:internal/modules/esm/resolve:265:11)
    at moduleResolve (node:internal/modules/esm/resolve:933:10)
    at defaultResolve (node:internal/modules/esm/resolve:1169:11)
    at ModuleLoader.defaultResolve (node:internal/modules/esm/loader:542:12)
    at ModuleLoader.resolve (node:internal/modules/esm/loader:510:25)
    at ModuleLoader.getModuleJob (node:internal/modules/esm/loader:239:38)
    at ModuleWrap.<anonymous> (node:internal/modules/esm/module_job:96:40)
    at link (node:internal/modules/esm/module_job:95:36)
You have triggered an unhandledRejection, you may have forgotten to catch a Promise rejection:
Error: Cannot find module 'C:\Users\whisk\Documents\Projetos\VANUSAR\dist\workers\workers-handler' imported from C:\Users\whisk\Documents\Projetos\VANUSAR\dist\index.js
    at finalizeResolution (node:internal/modules/esm/resolve:265:11)
    at moduleResolve (node:internal/modules/esm/resolve:933:10)
    at defaultResolve (node:internal/modules/esm/resolve:1169:11)
    at ModuleLoader.defaultResolve (node:internal/modules/esm/loader:542:12)
    at ModuleLoader.resolve (node:internal/modules/esm/loader:510:25)
    at ModuleLoader.getModuleJob (node:internal/modules/esm/loader:239:38)
    at ModuleWrap.<anonymous> (node:internal/modules/esm/module_job:96:40)
    at link (node:internal/modules/esm/module_job:95:36)
