You have triggered an unhandledRejection, you may have forgotten to catch a Promise rejection:
Error: Cannot find module 'C:\Users\whisk\Documents\Projetos\VANUSAR\dist\workers\workers-handler' imported from C:\Users\whisk\Documents\Projetos\VANUSAR\dist\index.js
    at finalizeResolution (node:internal/modules/esm/resolve:265:11)
    at moduleResolve (node:internal/modules/esm/resolve:933:10)
    at defaultResolve (node:internal/modules/esm/resolve:1169:11)
    at ModuleLoader.defaultResolve (node:internal/modules/esm/loader:542:12)
    at ModuleLoader.resolve (node:internal/modules/esm/loader:510:25)
    at ModuleLoader.getModuleJob (node:internal/modules/esm/loader:239:38)
    at ModuleWrap.<anonymous> (node:internal/modules/esm/module_job:96:40)
    at link (node:internal/modules/esm/module_job:95:36)
You have triggered an unhandledRejection, you may have forgotten to catch a Promise rejection:
Error: Cannot find module 'C:\Users\whisk\Documents\Projetos\VANUSAR\dist\workers\workers-handler' imported from C:\Users\whisk\Documents\Projetos\VANUSAR\dist\index.js
    at finalizeResolution (node:internal/modules/esm/resolve:265:11)
    at moduleResolve (node:internal/modules/esm/resolve:933:10)
    at defaultResolve (node:internal/modules/esm/resolve:1169:11)
    at ModuleLoader.defaultResolve (node:internal/modules/esm/loader:542:12)
    at ModuleLoader.resolve (node:internal/modules/esm/loader:510:25)
    at ModuleLoader.getModuleJob (node:internal/modules/esm/loader:239:38)
    at ModuleWrap.<anonymous> (node:internal/modules/esm/module_job:96:40)
    at link (node:internal/modules/esm/module_job:95:36)
You have triggered an unhandledRejection, you may have forgotten to catch a Promise rejection:
Error: Only URLs with a scheme in: file, data, and node are supported by the default ESM loader. On Windows, absolute paths must be valid file:// URLs. Received protocol 'c:'
    at throwIfUnsupportedURLScheme (node:internal/modules/esm/load:249:11)
    at defaultLoad (node:internal/modules/esm/load:130:3)
    at ModuleLoader.load (node:internal/modules/esm/loader:555:13)
    at ModuleLoader.moduleProvider (node:internal/modules/esm/loader:434:56)
    at new ModuleJob (node:internal/modules/esm/module_job:71:27)
    at ModuleLoader.#createModuleJob (node:internal/modules/esm/loader:447:17)
    at ModuleLoader.getJobFromResolveResult (node:internal/modules/esm/loader:259:34)
    at ModuleLoader.getModuleJob (node:internal/modules/esm/loader:240:17)
    at processTicksAndRejections (node:internal/process/task_queues:95:5)
    at ModuleLoader.import (node:internal/modules/esm/loader:472:23)
You have triggered an unhandledRejection, you may have forgotten to catch a Promise rejection:
Error: Only URLs with a scheme in: file, data, and node are supported by the default ESM loader. On Windows, absolute paths must be valid file:// URLs. Received protocol 'c:'
    at throwIfUnsupportedURLScheme (node:internal/modules/esm/load:249:11)
    at defaultLoad (node:internal/modules/esm/load:130:3)
    at ModuleLoader.load (node:internal/modules/esm/loader:555:13)
    at ModuleLoader.moduleProvider (node:internal/modules/esm/loader:434:56)
    at new ModuleJob (node:internal/modules/esm/module_job:71:27)
    at ModuleLoader.#createModuleJob (node:internal/modules/esm/loader:447:17)
    at ModuleLoader.getJobFromResolveResult (node:internal/modules/esm/loader:259:34)
    at ModuleLoader.getModuleJob (node:internal/modules/esm/loader:240:17)
    at processTicksAndRejections (node:internal/process/task_queues:95:5)
    at ModuleLoader.import (node:internal/modules/esm/loader:472:23)
You have triggered an unhandledRejection, you may have forgotten to catch a Promise rejection:
Error: Only URLs with a scheme in: file, data, and node are supported by the default ESM loader. On Windows, absolute paths must be valid file:// URLs. Received protocol 'c:'
    at throwIfUnsupportedURLScheme (node:internal/modules/esm/load:249:11)
    at defaultLoad (node:internal/modules/esm/load:130:3)
    at ModuleLoader.load (node:internal/modules/esm/loader:555:13)
    at ModuleLoader.moduleProvider (node:internal/modules/esm/loader:434:56)
    at new ModuleJob (node:internal/modules/esm/module_job:71:27)
    at ModuleLoader.#createModuleJob (node:internal/modules/esm/loader:447:17)
    at ModuleLoader.getJobFromResolveResult (node:internal/modules/esm/loader:259:34)
    at ModuleLoader.getModuleJob (node:internal/modules/esm/loader:240:17)
    at processTicksAndRejections (node:internal/process/task_queues:95:5)
    at ModuleLoader.import (node:internal/modules/esm/loader:472:23)
