You have triggered an unhandledRejection, you may have forgotten to catch a Promise rejection:
TypeError: pm2.launchBus is not a function
    at file:///C:/Users/whisk/Documents/Projetos/VANUSAR/src/utils/PM2-monitor.ts:4:5
    at ModuleJob.run (node:internal/modules/esm/module_job:234:25)
    at ModuleLoader.import (node:internal/modules/esm/loader:473:24)
You have triggered an unhandledRejection, you may have forgotten to catch a Promise rejection:
TypeError: pm2.launchBus is not a function
    at file:///C:/Users/whisk/Documents/Projetos/VANUSAR/src/utils/PM2-monitor.ts:4:5
    at ModuleJob.run (node:internal/modules/esm/module_job:234:25)
    at ModuleLoader.import (node:internal/modules/esm/loader:473:24)
You have triggered an unhandledRejection, you may have forgotten to catch a Promise rejection:
Error: Cannot find package 'pm2' imported from C:\Users\whisk\Documents\Projetos\VANUSAR\dist\utils\PM2-monitor.js
    at packageResolve (node:internal/modules/esm/resolve:854:9)
    at moduleResolve (node:internal/modules/esm/resolve:927:18)
    at defaultResolve (node:internal/modules/esm/resolve:1169:11)
    at ModuleLoader.defaultResolve (node:internal/modules/esm/loader:542:12)
    at ModuleLoader.resolve (node:internal/modules/esm/loader:510:25)
    at ModuleLoader.getModuleJob (node:internal/modules/esm/loader:239:38)
    at ModuleWrap.<anonymous> (node:internal/modules/esm/module_job:96:40)
    at link (node:internal/modules/esm/module_job:95:36)
